2026-06-06 20:13:21,085 [WARNING] Executor: Forbidden executing: rm -rf /var/log/test.log
2026-06-06 20:39:45,057 [INFO] Main: Command request: uname -r
2026-06-06 20:39:45,060 [INFO] Main: Send feedback to ai
2026-06-06 21:15:56,494 [INFO] Main: Command request: <command>
2026-06-06 21:15:56,501 [INFO] Main: Send feedback to ai
2026-06-06 21:17:25,350 [INFO] Main: Command request: whoami
2026-06-06 21:17:25,362 [INFO] Main: Send feedback to ai
2026-06-06 21:18:23,217 [INFO] Main: Command request: whoami
2026-06-06 21:18:23,224 [INFO] Main: Send feedback to ai
2026-06-06 21:19:51,424 [INFO] Main: Command request: sleep 5
2026-06-06 21:19:56,431 [INFO] Main: Send feedback to ai
2026-06-06 21:23:01,203 [INFO] Main: Command request: uname -r
2026-06-06 21:23:01,211 [INFO] Main: Send feedback to ai
2026-06-06 21:27:26,673 [INFO] Main: Command request: whoami
2026-06-06 21:27:26,680 [INFO] Main: Send feedback to ai
2026-06-06 21:36:12,280 [INFO] Main: Command request: uname -r
2026-06-06 21:36:12,287 [INFO] Main: Send feedback to ai
2026-06-06 21:38:00,176 [INFO] Main: Command request: lscpu
2026-06-06 21:38:00,202 [INFO] Main: Command request: lsblk
2026-06-06 21:38:00,211 [INFO] Main: Command request: free -h
2026-06-06 21:38:00,219 [INFO] Main: Send feedback to ai
2026-06-06 21:46:53,984 [INFO] Main: Command request: cat << 'EOF' > calculator.py
$$
def add(x, y):
    return x + y

def subtract(x, y):
    return x - y

def multiply(x, y):
    return x * y

def divide(x, y):
    if y == 0:
        return "Error! Division by zero."
    else:
        return x / y

print("Select operation:")
print("1. Add")
print("2. Subtract")
print("3. Multiply")
print("4. Divide")

choice = input("Enter choice(1/2/3/4): ")

num1 = float(input("Enter first number: "))
num2 = float(input("Enter second number: "))

if choice == '1':
    print(f"{num1} + {num2} = {add(num1, num2)}")
elif choice == '2':
    print(f"{num1} - {num2} = {subtract(num1, num2)}")
elif choice == '3':
    print(f"{num1} * {num2} = {multiply(num1, num2)}")
elif choice == '4':
    result = divide(num1, num2)
    if result != "Error! Division by zero.":
        print(f"{num1} / {num2} = {result}")
    else:
        print(result)
else:
    print("Invalid input")
EOF
2026-06-06 21:47:03,991 [INFO] Main: Send feedback to ai
2026-06-06 21:50:52,048 [INFO] Main: Command request: cat << 'EOF' > calculator.py
def add(x, y):
    return x + y

def subtract(x, y):
    return x - y

def multiply(x, y):
    return x * y

def divide(x, y):
    if y == 0:
        return "Error! Division by zero."
    else:
        return x / y

print("Select operation:")
print("1. Add")
print("2. Subtract")
print("3. Multiply")
print("4. Divide")

choice = input("Enter choice(1/2/3/4): ")

num1 = float(input("Enter first number: "))
num2 = float(input("Enter second number: "))

if choice == '1':
    print(f"{num1} + {num2} = {add(num1, num2)}")
elif choice == '2':
    print(f"{num1} - {num2} = {subtract(num1, num2)}")
elif choice == '3':
    print(f"{num1} * {num2} = {multiply(num1, num2)}")
elif choice == '4':
    result = divide(num1, num2)
    if isinstance(result, str):
        print(result)
    else:
        print(f"{num1} / {num2} = {result}")
else:
    print("Invalid input")

EOF
2026-06-06 21:51:12,073 [INFO] Main: Send feedback to ai
